#
# There is insufficient memory for the Java Runtime Environment to continue.
# Native memory allocation (mmap) failed to map 264241152 bytes. Error detail: G1 virtual space
# Possible reasons:
#   The system is out of physical RAM or swap space
#   This process is running with CompressedOops enabled, and the Java Heap may be blocking the growth of the native heap
# Possible solutions:
#   Reduce memory load on the system
#   Increase physical memory or swap space
#   Check if swap backing store is full
#   Decrease Java heap size (-Xmx/-Xms)
#   Decrease number of Java threads
#   Decrease Java thread stack sizes (-Xss)
#   Set larger code cache with -XX:ReservedCodeCacheSize=
#   JVM is running with Zero Based Compressed Oops mode in which the Java heap is
#     placed in the first 32GB address space. The Java Heap base address is the
#     maximum limit for the native heap growth. Please use -XX:HeapBaseMinAddress
#     to set the Java Heap base and to place the Java Heap above 32GB virtual address.
# This output file may be truncated or incomplete.
#
#  Out of Memory Error (os_windows.cpp:3678), pid=31000, tid=18760
#
# JRE version:  (17.0.12+7) (build )
# Java VM: OpenJDK 64-Bit Server VM (17.0.12+7-LTS, mixed mode, sharing, tiered, compressed oops, compressed class ptrs, g1 gc, windows-amd64)
# No core dump will be written. Minidumps are not enabled by default on client versions of Windows
#

---------------  S U M M A R Y ------------

Command Line: -Xmx4096m 

Host: 11th Gen Intel(R) Core(TM) i5-1145G7 @ 2.60GHz, 8 cores, 15G,  Windows 11 , 64 bit Build 26100 (10.0.26100.7623)
Time: Tue Feb 17 15:52:31 2026 Hora estándar central (México) elapsed time: 0.022437 seconds (0d 0h 0m 0s)

---------------  T H R E A D  ---------------

Current thread (0x0000023a54e94ab0):  JavaThread "Unknown thread" [_thread_in_vm, id=18760, stack(0x0000007f57500000,0x0000007f57600000)]

Stack: [0x0000007f57500000,0x0000007f57600000]
Native frames: (J=compiled Java code, j=interpreted, Vv=VM code, C=native code)
V  [jvm.dll+0x686d99]
V  [jvm.dll+0x83daf8]
V  [jvm.dll+0x83f5a3]
V  [jvm.dll+0x83fc13]
V  [jvm.dll+0x2492ef]
V  [jvm.dll+0x683dd9]
V  [jvm.dll+0x6782fa]
V  [jvm.dll+0x30a797]
V  [jvm.dll+0x311d06]
V  [jvm.dll+0x36252e]
V  [jvm.dll+0x36276d]
V  [jvm.dll+0x2e1a9c]
V  [jvm.dll+0x2e29b4]
V  [jvm.dll+0x80faab]
V  [jvm.dll+0x370241]
V  [jvm.dll+0x7ee6bf]
V  [jvm.dll+0x3f6ccf]
V  [jvm.dll+0x3f87f1]
C  [jli.dll+0x5284]
C  [ucrtbase.dll+0x37b0]
C  [KERNEL32.DLL+0x2e8d7]
C  [ntdll.dll+0x8c53c]


---------------  P R O C E S S  ---------------

Threads class SMR info:
_java_thread_list=0x00007ff93bf7cf98, length=0, elements={
}

Java Threads: ( => current thread )

Other Threads:
  0x0000023a54f05270 GCTaskThread "GC Thread#0" [stack: 0x0000007f57600000,0x0000007f57700000] [id=23192]
  0x0000023a54f16e90 ConcurrentGCThread "G1 Main Marker" [stack: 0x0000007f57700000,0x0000007f57800000] [id=34356]
  0x0000023a54f18760 ConcurrentGCThread "G1 Conc#0" [stack: 0x0000007f57800000,0x0000007f57900000] [id=30456]

[error occurred during error reporting (printing all threads), id 0xc0000005, EXCEPTION_ACCESS_VIOLATION (0xc0000005) at pc=0x00007ff93b7325b7]

VM state: not at safepoint (not fully initialized)

VM Mutex/Monitor currently owned by a thread:  ([mutex/lock_event])
[0x0000023a54e90fb0] Heap_lock - owner thread: 0x0000023a54e94ab0

Heap address: 0x0000000700000000, size: 4096 MB, Compressed Oops mode: Zero based, Oop shift amount: 3

CDS archive(s) mapped at: [0x0000000000000000-0x0000000000000000-0x0000000000000000), size 0, SharedBaseAddress: 0x0000000800000000, ArchiveRelocationMode: 1.
Narrow klass base: 0x0000000000000000, Narrow klass shift: 0, Narrow klass range: 0x0

GC Precious Log:
<Empty>

Heap:
 garbage-first heap   total 0K, used 0K [0x0000000700000000, 0x0000000800000000)
  region size 2048K, 0 young (0K), 0 survivors (0K)

[error occurred during error reporting (printing heap information), id 0xc0000005, EXCEPTION_ACCESS_VIOLATION (0xc0000005) at pc=0x00007ff93bb20a39]

GC Heap History (0 events):
No events

Dll operation events (1 events):
Event: 0.013 Loaded shared library C:\Program Files (x86)\Android\openjdk\jdk-17.0.12\bin\java.dll

Deoptimization events (0 events):
No events

Classes loaded (0 events):
No events

Classes unloaded (0 events):
No events

Classes redefined (0 events):
No events

Internal exceptions (0 events):
No events

VM Operations (0 events):
No events

Events (0 events):
No events


Dynamic libraries:
0x00007ff717990000 - 0x00007ff71799e000 	C:\Program Files (x86)\Android\openjdk\jdk-17.0.12\bin\java.exe
0x00007ffa9ba00000 - 0x00007ffa9bc67000 	C:\WINDOWS\SYSTEM32\ntdll.dll
0x00007ffa99910000 - 0x00007ffa999d9000 	C:\WINDOWS\System32\KERNEL32.DLL
0x00007ffa99160000 - 0x00007ffa9954f000 	C:\WINDOWS\System32\KERNELBASE.dll
0x00007ffa99010000 - 0x00007ffa9915b000 	C:\WINDOWS\System32\ucrtbase.dll
0x00007ff9fa610000 - 0x00007ff9fa627000 	C:\Program Files (x86)\Android\openjdk\jdk-17.0.12\bin\jli.dll
0x00007ffa9a210000 - 0x00007ffa9a3d5000 	C:\WINDOWS\System32\USER32.dll
0x00007ffa83f80000 - 0x00007ffa84213000 	C:\WINDOWS\WinSxS\amd64_microsoft.windows.common-controls_6595b64144ccf1df_6.0.26100.7309_none_3e05feeae336a044\COMCTL32.dll
0x00007ffa99770000 - 0x00007ffa99797000 	C:\WINDOWS\System32\win32u.dll
0x00007ff9f9720000 - 0x00007ff9f973d000 	C:\Program Files (x86)\Android\openjdk\jdk-17.0.12\bin\VCRUNTIME140.dll
0x00007ffa9a160000 - 0x00007ffa9a209000 	C:\WINDOWS\System32\msvcrt.dll
0x00007ffa9a3e0000 - 0x00007ffa9a40b000 	C:\WINDOWS\System32\GDI32.dll
0x00007ffa98b50000 - 0x00007ffa98c7c000 	C:\WINDOWS\System32\gdi32full.dll
0x00007ffa98eb0000 - 0x00007ffa98f53000 	C:\WINDOWS\System32\msvcp_win.dll
0x00007ffa9b410000 - 0x00007ffa9b441000 	C:\WINDOWS\System32\IMM32.DLL
0x00007ffa3d2d0000 - 0x00007ffa3d2dc000 	C:\Program Files (x86)\Android\openjdk\jdk-17.0.12\bin\vcruntime140_1.dll
0x00007ff9cd220000 - 0x00007ff9cd2ad000 	C:\Program Files (x86)\Android\openjdk\jdk-17.0.12\bin\msvcp140.dll
0x00007ff93b440000 - 0x00007ff93c0b0000 	C:\Program Files (x86)\Android\openjdk\jdk-17.0.12\bin\server\jvm.dll
0x00007ffa9a690000 - 0x00007ffa9a744000 	C:\WINDOWS\System32\ADVAPI32.dll
0x00007ffa9a5e0000 - 0x00007ffa9a686000 	C:\WINDOWS\System32\sechost.dll
0x00007ffa9b890000 - 0x00007ffa9b9a8000 	C:\WINDOWS\System32\RPCRT4.dll
0x00007ffa9a410000 - 0x00007ffa9a484000 	C:\WINDOWS\System32\WS2_32.dll
0x00007ffa8ff00000 - 0x00007ffa8ff35000 	C:\WINDOWS\SYSTEM32\WINMM.dll
0x00007ffa989b0000 - 0x00007ffa98a0e000 	C:\WINDOWS\SYSTEM32\POWRPROF.dll
0x00007ffa8fb40000 - 0x00007ffa8fb4b000 	C:\WINDOWS\SYSTEM32\VERSION.dll
0x00007ffa98990000 - 0x00007ffa989a4000 	C:\WINDOWS\SYSTEM32\UMPDC.dll
0x00007ffa978c0000 - 0x00007ffa978db000 	C:\WINDOWS\SYSTEM32\kernel.appcore.dll
0x00007ffa3ab50000 - 0x00007ffa3ab5a000 	C:\Program Files (x86)\Android\openjdk\jdk-17.0.12\bin\jimage.dll
0x00007ffa96140000 - 0x00007ffa96382000 	C:\WINDOWS\SYSTEM32\DBGHELP.DLL
0x00007ffa9b500000 - 0x00007ffa9b886000 	C:\WINDOWS\System32\combase.dll
0x00007ffa9a490000 - 0x00007ffa9a566000 	C:\WINDOWS\System32\OLEAUT32.dll
0x00007ffa7fe10000 - 0x00007ffa7fe4c000 	C:\WINDOWS\SYSTEM32\dbgcore.DLL
0x00007ffa98f60000 - 0x00007ffa99005000 	C:\WINDOWS\System32\bcryptPrimitives.dll
0x00007ff9f1520000 - 0x00007ff9f1545000 	C:\Program Files (x86)\Android\openjdk\jdk-17.0.12\bin\java.dll

dbghelp: loaded successfully - version: 4.0.5 - missing functions: none
symbol engine: initialized successfully - sym options: 0x614 - pdb path: .;C:\Program Files (x86)\Android\openjdk\jdk-17.0.12\bin;C:\WINDOWS\SYSTEM32;C:\WINDOWS\WinSxS\amd64_microsoft.windows.common-controls_6595b64144ccf1df_6.0.26100.7309_none_3e05feeae336a044;C:\Program Files (x86)\Android\openjdk\jdk-17.0.12\bin\server

VM Arguments:
jvm_args: -Xmx4096m 
java_command: <unknown>
java_class_path (initial): <not set>
Launcher Type: SUN_STANDARD

[Global flags]
     intx CICompilerCount                          = 4                                         {product} {ergonomic}
     uint ConcGCThreads                            = 2                                         {product} {ergonomic}
     uint G1ConcRefinementThreads                  = 8                                         {product} {ergonomic}
   size_t G1HeapRegionSize                         = 2097152                                   {product} {ergonomic}
    uintx GCDrainStackTargetSize                   = 64                                        {product} {ergonomic}
   size_t InitialHeapSize                          = 264241152                                 {product} {ergonomic}
   size_t MarkStackSize                            = 4194304                                   {product} {ergonomic}
   size_t MaxHeapSize                              = 4294967296                                {product} {command line}
   size_t MinHeapDeltaBytes                        = 2097152                                   {product} {ergonomic}
   size_t MinHeapSize                              = 8388608                                   {product} {ergonomic}
    uintx NonNMethodCodeHeapSize                   = 5839372                                {pd product} {ergonomic}
    uintx NonProfiledCodeHeapSize                  = 122909434                              {pd product} {ergonomic}
    uintx ProfiledCodeHeapSize                     = 122909434                              {pd product} {ergonomic}
    uintx ReservedCodeCacheSize                    = 251658240                              {pd product} {ergonomic}
     bool SegmentedCodeCache                       = true                                      {product} {ergonomic}
   size_t SoftMaxHeapSize                          = 4294967296                             {manageable} {ergonomic}
     bool UseCompressedClassPointers               = true                           {product lp64_product} {ergonomic}
     bool UseCompressedOops                        = true                           {product lp64_product} {ergonomic}
     bool UseG1GC                                  = true                                      {product} {ergonomic}
     bool UseLargePagesIndividualAllocation        = false                                  {pd product} {ergonomic}

Logging:
Log output configuration:
 #0: stdout all=warning uptime,level,tags
 #1: stderr all=off uptime,level,tags

Environment Variables:
JAVA_HOME=C:\Program Files (x86)\Android\openjdk\jdk-17.0.12
JAVA_TOOL_OPTIONS=-Xmx4096m
PATH=C:\Program Files (x86)\Android\openjdk\jdk-17.0.12\bin;C:\Python314\Scripts\;C:\Python314\;C:\Program Files (x86)\Common Files\Oracle\Java\java8path;C:\Program Files (x86)\Common Files\Oracle\Java\javapath;C:\WINDOWS\system32;C:\WINDOWS;C:\WINDOWS\System32\Wbem;C:\WINDOWS\System32\WindowsPowerShell\v1.0\;C:\WINDOWS\System32\OpenSSH\;C:\Program Files\dotnet\;C:\Program Files\Microsoft SQL Server\150\Tools\Binn\;C:\Program Files\Microsoft SQL Server\Client SDK\ODBC\170\Tools\Binn\;C:\Program Files\GitHub CLI\;C:\Program Files\PowerShell\7\;C:\Program Files\Git\cmd;C:\ProgramData\chocolatey\bin;C:\Program Files\nodejs\;C:\Program Files (x86)\Microsoft SQL Server\160\DTS\Binn\;C:\Program Files\Docker\Docker\resources\bin;C:\\Users\\DELL\\AppData\\Local\\Blackbox\\bin;C:\Users\DELL\.cargo\bin;C:\Users\DELL\AppData\Local\Microsoft\WindowsApps;C:\Users\DELL\.dotnet\tools;C:\Users\DELL\AppData\Local\Programs\Microsoft VS Code\bin;C:\Users\DELL\AppData\Local\GitHubDesktop\bin;C:\Users\DELL\.dotnet\tools;C:\Users\DELL\AppData\Local\Programs\openclaw;C:\Users\DELL\AppData\Local\Programs\openclaw;C:\Users\DELL\AppData\Roaming\npm;C:\Program Files\Tesseract-OCR
USERNAME=DELL
OS=Windows_NT
PROCESSOR_IDENTIFIER=Intel64 Family 6 Model 140 Stepping 1, GenuineIntel
TMP=C:\Users\DELL\AppData\Local\Temp
TEMP=C:\Users\DELL\AppData\Local\Temp



Periodic native trim disabled


---------------  S Y S T E M  ---------------

OS:
 Windows 11 , 64 bit Build 26100 (10.0.26100.7623)
OS uptime: 1 days 6:10 hours
Hyper-V role detected

CPU: total 8 (initial active 8) (4 cores per cpu, 2 threads per core) family 6 model 140 stepping 1 microcode 0xbc, cx8, cmov, fxsr, ht, mmx, 3dnowpref, sse, sse2, sse3, ssse3, sse4.1, sse4.2, popcnt, lzcnt, tsc, tscinvbit, avx, avx2, aes, erms, clmul, bmi1, bmi2, adx, avx512f, avx512dq, avx512cd, avx512bw, avx512vl, sha, fma, vzeroupper, avx512_vpopcntdq, avx512_vpclmulqdq, avx512_vaes, avx512_vnni, clflush, clflushopt, clwb, avx512_vbmi2, avx512_vbmi, hv
Processor Information for the first 8 processors :
  Max Mhz: 1498, Current Mhz: 1498, Mhz Limit: 1498

Memory: 4k page, system-wide physical 16110M (1838M free)
TotalPageFile size 29409M (AvailPageFile size 231M)
current process WorkingSet (physical memory assigned to process): 13M, peak: 13M
current process commit charge ("private bytes"): 60M, peak: 312M

vm_info: OpenJDK 64-Bit Server VM (17.0.12+7-LTS) for windows-amd64 JRE (17.0.12+7-LTS), built on Jul 16 2024 18:11:44 by "MicrosoftCorporation" with unknown MS VC++:1939

END.
